#-----------------------------------------------------------
# Vivado v2024.2 (64-bit)
# SW Build 5239630 on Fri Nov 08 22:35:27 MST 2024
# IP Build 5239520 on Sun Nov 10 16:12:51 MST 2024
# SharedData Build 5239561 on Fri Nov 08 14:39:27 MST 2024
# Start of session at: Sun Apr 20 17:46:31 2025
# Process ID         : 8968
# Current directory  : G:/Vivado/DigitalClock/DigitalClock.runs/impl_1
# Command line       : vivado.exe -log top_level.vdi -applog -product Vivado -messageDb vivado.pb -mode batch -source top_level.tcl -notrace
# Log file           : G:/Vivado/DigitalClock/DigitalClock.runs/impl_1/top_level.vdi
# Journal file       : G:/Vivado/DigitalClock/DigitalClock.runs/impl_1\vivado.jou
# Running On         : DESKTOP-U7PTVF4
# Platform           : Windows Server 2016 or Windows 10
# Operating System   : 22631
# Processor Detail   : AMD Ryzen 5 2600 Six-Core Processor            
# CPU Frequency      : 3394 MHz
# CPU Physical cores : 6
# CPU Logical cores  : 12
# Host memory        : 51471 MB
# Swap memory        : 3221 MB
# Total Virtual      : 54693 MB
# Available Virtual  : 26453 MB
#-----------------------------------------------------------
source top_level.tcl -notrace
